Copyright 1986-2022 Xilinx, Inc. All Rights Reserved. Copyright 2022-2023 Advanced Micro Devices, Inc. All Rights Reserved.
---------------------------------------------------------------------------------------------------------------------------------------------
| Tool Version : Vivado v.2023.1 (lin64) Build 3865809 Sun May  7 15:04:56 MDT 2023
| Date         : Sun Sep  6 17:39:11 2026
| Host         : codesigns23 running 64-bit Ubuntu 22.04.5 LTS
| Command      : report_utilization -file ../run_1_2026-09-06_17-32-35/0_general/run_0/util_report.rpt -quiet
| Design       : layernorm_top
| Device       : xcvc1902-vsva2197-2MP-e-S
| Speed File   : -2MP
| Design State : Routed
---------------------------------------------------------------------------------------------------------------------------------------------

Utilization Design Information

Table of Contents
-----------------
1. Netlist Logic
2. CLB Distribution
3. BLOCKRAM
4. ARITHMETIC
5. I/O
6. CLOCK
7. NOC Interfaces
8. AI Engines
9. ADVANCED
10. Primitives
11. Black Boxes
12. Instantiated Netlists

1. Netlist Logic
----------------

+----------------------------+------+-------+------------+-----------+-------+
|          Site Type         | Used | Fixed | Prohibited | Available | Util% |
+----------------------------+------+-------+------------+-----------+-------+
| Registers                  | 4750 |     0 |          0 |   1799680 |  0.26 |
|   Register as Flip Flop    | 4750 |     0 |          0 |   1799680 |  0.26 |
|   Register as Latch        |    0 |     0 |          0 |   1799680 |  0.00 |
| CLB LUTs                   | 1695 |     0 |          0 |    899840 |  0.19 |
|   LUT as Logic             | 1558 |     0 |          0 |    899840 |  0.17 |
|   LUT as Memory            |  137 |     0 |          0 |    449920 |  0.03 |
|     LUT as Distributed RAM |   80 |     0 |            |           |       |
|     LUT as Shift Register  |   57 |     0 |            |           |       |
|       Variable Length      |    0 |     0 |            |           |       |
|       Fixed Length         |   57 |     0 |            |           |       |
| LOOKAHEAD8                 |  176 |     0 |          0 |    112480 |  0.16 |
+----------------------------+------+-------+------------+-----------+-------+
* Warning! LUT value is adjusted to account for LUT combining.


2. CLB Distribution
-------------------

+-----------------------------------------------+------+-------+------------+-----------+-------+
|                   Site Type                   | Used | Fixed | Prohibited | Available | Util% |
+-----------------------------------------------+------+-------+------------+-----------+-------+
| SLICE                                         |  597 |     0 |          0 |    112480 |  0.53 |
|   SLICEL                                      |  313 |     0 |            |           |       |
|   SLICEM                                      |  284 |     0 |            |           |       |
|      using Distributed RAM or Shift Registers |   21 |     0 |            |           |       |
| CLB LUTs                                      | 1695 |     0 |          0 |    899840 |  0.19 |
|    using CASCADE                              | 1086 |     0 |            |           |       |
|   LUT as Logic                                | 1558 |     0 |          0 |    899840 |  0.17 |
|     single output                             |  142 |       |            |           |       |
|     dual output                               | 1416 |       |            |           |       |
|   LUT as Memory                               |  137 |     0 |          0 |    449920 |  0.03 |
|     LUT as Distributed RAM                    |   80 |     0 |            |           |       |
|       single output                           |    0 |       |            |           |       |
|       dual output                             |   80 |       |            |           |       |
|     LUT as Shift Register                     |   57 |     0 |            |           |       |
|       single output                           |   57 |       |            |           |       |
|       dual output                             |    0 |       |            |           |       |
| CLB Registers                                 | 4750 |     0 |          0 |   1799680 |  0.26 |
|   Register driven from within the CLB         | 1007 |       |            |           |       |
|   Register driven from outside the CLB        | 3743 |       |            |           |       |
|     LUT in front of the register is unused    | 3624 |       |            |           |       |
|     LUT in front of the register is used      |  119 |       |            |           |       |
| CLB Imux registers                            |    0 |     0 |            |           |       |
|   Pipelining                                  |    0 |       |            |           |       |
| Unique Control Sets                           |   79 |       |          0 |    224960 |  0.04 |
+-----------------------------------------------+------+-------+------------+-----------+-------+
* * Note: Available Control Sets calculated as Slices * 2, Review the Control Sets Report for more information regarding control sets.


3. BLOCKRAM
-----------

+--------------------------+------+-------+------------+-----------+-------+
|         Site Type        | Used | Fixed | Prohibited | Available | Util% |
+--------------------------+------+-------+------------+-----------+-------+
| Block RAM Tile           |    0 |     0 |          0 |       967 |  0.00 |
|   RAMB36E5               |    0 |     0 |          0 |       967 |  0.00 |
|   RAMB18E5*              |    0 |     0 |          0 |      1934 |  0.00 |
| Block RAM Imux registers |    0 |     0 |            |           |       |
|   Pipelining             |    0 |       |            |           |       |
| URAM                     |    0 |     0 |          0 |       463 |  0.00 |
| URAM Imux registers      |    0 |     0 |            |           |       |
|   Pipelining             |    0 |       |            |           |       |
+--------------------------+------+-------+------------+-----------+-------+
* Note: Each RAMB18 is counted as 0.5 Block RAM tiles


4. ARITHMETIC
-------------

+--------------------+------+-------+------------+-----------+-------+
|      Site Type     | Used | Fixed | Prohibited | Available | Util% |
+--------------------+------+-------+------------+-----------+-------+
| DSP Slices         |   12 |     0 |          0 |      1968 |  0.61 |
|   DSP58            |    0 |     0 |            |           |       |
|   DSPCPLX          |    0 |     0 |            |           |       |
|   DSPFP32          |   12 |     0 |            |           |       |
|   DSP48E5          |    0 |     0 |            |           |       |
| DSP Imux registers |    0 |     0 |            |           |       |
|   Pipelining       |    0 |       |            |           |       |
+--------------------+------+-------+------------+-----------+-------+


5. I/O
------

+------------------------------+------+-------+------------+-----------+-------+
|           Site Type          | Used | Fixed | Prohibited | Available | Util% |
+------------------------------+------+-------+------------+-----------+-------+
| Bonded IOB                   |    0 |     0 |          0 |       692 |  0.00 |
|   XPIO IOB                   |    0 |     0 |          0 |       648 |  0.00 |
|   HDIO IOB                   |    0 |     0 |          0 |        44 |  0.00 |
| XPHY                         |    0 |     0 |            |           |       |
| IDELAY                       |    0 |     0 |            |           |       |
| ODELAY                       |    0 |     0 |            |           |       |
| Input Registers              |    0 |     0 |            |           |       |
|   IDDR                       |    0 |     0 |            |           |       |
|   Single Data Rate Registers |    0 |     0 |            |           |       |
| Output Registers             |    0 |     0 |            |           |       |
|   ODDR                       |    0 |     0 |            |           |       |
|   Single Data Rate Registers |    0 |     0 |            |           |       |
| Output Tristate Registers    |    0 |     0 |            |           |       |
|   ODDR                       |    0 |     0 |            |           |       |
|   Single Data Rate Registers |    0 |     0 |            |           |       |
+------------------------------+------+-------+------------+-----------+-------+


6. CLOCK
--------

+--------------------------+------+-------+------------+-----------+-------+
|         Site Type        | Used | Fixed | Prohibited | Available | Util% |
+--------------------------+------+-------+------------+-----------+-------+
| GLOBAL CLOCK BUFFERs     |    1 |     0 |          0 |       980 |  0.10 |
|   BUFGCE_DIV/MBUFGCE_DIV |    0 |     0 |          0 |        40 |  0.00 |
|   BUFG_PS/MBUFG_PS       |    0 |     0 |          0 |        12 |  0.00 |
|   BUFG_GT/MBUFG_GT       |    0 |     0 |          0 |       168 |  0.00 |
|   BUFGCE/MBUFGCE         |    1 |     0 |          0 |       296 |  0.34 |
|   BUFGCTRL/MBUFGCTRL*    |    0 |     0 |          0 |        80 |  0.00 |
|   BUFG_FABRIC            |    0 |     0 |          0 |       384 |  0.00 |
| DPLL                     |    0 |     0 |          0 |        23 |  0.00 |
| XPLL                     |    0 |     0 |          0 |        24 |  0.00 |
| MMCM                     |    0 |     0 |          0 |        12 |  0.00 |
+--------------------------+------+-------+------------+-----------+-------+
* Note: Each used BUFGCTRL/MBUFGCTRL counts as two GLOBAL CLOCK BUFFERs. This table does not include global clocking resources, only buffer cell usage. See the Clock Utilization Report (report_clock_utilization) for detailed accounting of global clocking resource availability.


7. NOC Interfaces
-----------------

+---------------------------+------+-------+------------+-----------+-------+
|         Site Type         | Used | Fixed | Prohibited | Available | Util% |
+---------------------------+------+-------+------------+-----------+-------+
| PL NOC Master Unit        |    0 |     0 |          0 |        28 |  0.00 |
| PL NOC Slave Unit         |    0 |     0 |          0 |        28 |  0.00 |
| PS NOC Master Unit        |    0 |     0 |          0 |        10 |  0.00 |
| PS NOC Slave Unit         |    0 |     0 |          0 |         6 |  0.00 |
| AI Engine NOC Master Unit |    0 |     0 |          0 |        16 |  0.00 |
| AI Engine NOC Slave Unit  |    0 |     0 |          0 |        16 |  0.00 |
+---------------------------+------+-------+------------+-----------+-------+


8. AI Engines
-------------

+------------+------+-------+------------+-----------+-------+
|  Site Type | Used | Fixed | Prohibited | Available | Util% |
+------------+------+-------+------------+-----------+-------+
| AI Engines |    0 |     0 |          0 |       400 |  0.00 |
| PL Master  |    0 |     0 |          0 |       234 |  0.00 |
| PL Slave   |    0 |     0 |          0 |       312 |  0.00 |
| NOC Master |    0 |     0 |          0 |        16 |  0.00 |
| NOC Slave  |    0 |     0 |          0 |        16 |  0.00 |
+------------+------+-------+------------+-----------+-------+


9. ADVANCED
-----------

+--------------------+------+-------+------------+-----------+-------+
|      Site Type     | Used | Fixed | Prohibited | Available | Util% |
+--------------------+------+-------+------------+-----------+-------+
| CPM_EXT            |    0 |     0 |          0 |         1 |  0.00 |
| CPM_MAIN           |    0 |     0 |          0 |         1 |  0.00 |
| DDRMC              |    0 |     0 |          0 |         4 |  0.00 |
| DDRMC_RIU          |    0 |     0 |          0 |         4 |  0.00 |
| GTYE5_QUAD         |    0 |     0 |          0 |        11 |  0.00 |
| MRMAC              |    0 |     0 |          0 |         4 |  0.00 |
| NPI_NIR            |    0 |     0 |          0 |         1 |  0.00 |
| OBUFDS_GTE5        |    0 |     0 |          0 |        22 |  0.00 |
| OBUFDS_GTE5_ADV    |    0 |     0 |          0 |        22 |  0.00 |
| OBUFTDS_COMP       |    0 |     0 |          0 |       324 |  0.00 |
| PCIE40E5           |    0 |     0 |          0 |         4 |  0.00 |
| PS9                |    0 |     0 |          0 |         1 |  0.00 |
| XPIPE_QUAD         |    0 |     0 |          0 |         4 |  0.00 |
| BLI Registers      |    0 |     0 |          0 |     88264 |  0.00 |
| BLI Imux Registers |    0 |     0 |            |           |       |
|   Pipelining       |    0 |     0 |            |           |       |
+--------------------+------+-------+------------+-----------+-------+


10. Primitives
--------------

+------------+------+---------------------+
|  Ref Name  | Used | Functional Category |
+------------+------+---------------------+
| FDRE       | 4728 |            Register |
| LUTCY2     | 1131 |                 CLB |
| LUTCY1     | 1131 |                 CLB |
| LUT3       |  382 |                 CLB |
| LOOKAHEAD8 |  176 |                 CLB |
| RAMD32     |  140 |                 CLB |
| LUT4       |  117 |                 CLB |
| LUT6       |   76 |                 CLB |
| LUT5       |   61 |                 CLB |
| LUT2       |   61 |                 CLB |
| SRL16E     |   57 |                 CLB |
| FDSE       |   22 |            Register |
| RAMS32     |   20 |                 CLB |
| LUT1       |   15 |                 CLB |
| DSPFP32    |   12 |          Arithmetic |
| BUFGCE     |    1 |               Clock |
+------------+------+---------------------+


11. Black Boxes
---------------

+----------+------+
| Ref Name | Used |
+----------+------+


12. Instantiated Netlists
-------------------------

+----------+------+
| Ref Name | Used |
+----------+------+


