Copyright 1986-2022 Xilinx, Inc. All Rights Reserved. Copyright 2022-2023 Advanced Micro Devices, Inc. All Rights Reserved.
--------------------------------------------------------------------------------------------------------------------------------------------------
| Tool Version      : Vivado v.2023.1 (lin64) Build 3865809 Sun May  7 15:04:56 MDT 2023
| Date              : Mon Sep  7 13:44:08 2026
| Host              : codesigns23 running 64-bit Ubuntu 22.04.5 LTS
| Command           : report_timing_summary -file results/post_route_timing.rpt
| Design            : finn_design_wrapper
| Device            : xcvc1902-vsva2197
| Speed File        : -2MP  PRODUCTION 2.11 2022-11-23
| Design State      : Routed
| Temperature Grade : E
--------------------------------------------------------------------------------------------------------------------------------------------------

Timing Summary Report

------------------------------------------------------------------------------------------------
| Timer Settings
| --------------
------------------------------------------------------------------------------------------------

  Enable Multi Corner Analysis               :  Yes
  Enable Pessimism Removal                   :  Yes
  Pessimism Removal Resolution               :  Nearest Common Node
  Enable Input Delay Default Clock           :  No
  Enable Preset / Clear Arcs                 :  No
  Disable Flight Delays                      :  No
  Ignore I/O Paths                           :  No
  Timing Early Launch at Borrowing Latches   :  No
  Borrow Time for Max Delay Exceptions       :  Yes
  Merge Timing Exceptions                    :  Yes

  Corner  Analyze    Analyze    
  Name    Max Paths  Min Paths  
  ------  ---------  ---------  
  Slow    Yes        Yes        
  Fast    Yes        Yes        


------------------------------------------------------------------------------------------------
| Report Methodology
| ------------------
------------------------------------------------------------------------------------------------

No report available as report_methodology has not been run prior. Run report_methodology on the current design for the summary of methodology violations.



check_timing report

Table of Contents
-----------------
1. checking no_clock (0)
2. checking constant_clock (0)
3. checking pulse_width_clock (0)
4. checking unconstrained_internal_endpoints (0)
5. checking no_input_delay (259)
6. checking no_output_delay (66)
7. checking multiple_clock (0)
8. checking generated_clocks (0)
9. checking loops (0)
10. checking partial_input_delay (0)
11. checking partial_output_delay (0)
12. checking latch_loops (0)

1. checking no_clock (0)
------------------------
 There are 0 register/latch pins with no clock.


2. checking constant_clock (0)
------------------------------
 There are 0 register/latch pins with constant_clock.


3. checking pulse_width_clock (0)
---------------------------------
 There are 0 register/latch pins which need pulse_width check


4. checking unconstrained_internal_endpoints (0)
------------------------------------------------
 There are 0 pins that are not constrained for maximum delay.

 There are 0 pins that are not constrained for maximum delay due to constant clock.


5. checking no_input_delay (259)
--------------------------------
 There are 259 input ports with no input delay specified. (HIGH)

 There are 0 input ports with no input delay but user has a false path constraint.


6. checking no_output_delay (66)
--------------------------------
 There are 66 ports with no output delay specified. (HIGH)

 There are 0 ports with no output delay but user has a false path constraint

 There are 0 ports with no output delay but with a timing clock defined on it or propagating through it


7. checking multiple_clock (0)
------------------------------
 There are 0 register/latch pins with multiple clocks.


8. checking generated_clocks (0)
--------------------------------
 There are 0 generated clocks that are not connected to a clock source.


9. checking loops (0)
---------------------
 There are 0 combinational loops in the design.


10. checking partial_input_delay (0)
------------------------------------
 There are 0 input ports with partial input delay specified.


11. checking partial_output_delay (0)
-------------------------------------
 There are 0 ports with partial output delay specified.


12. checking latch_loops (0)
----------------------------
 There are 0 combinational latch loops in the design through latch input



------------------------------------------------------------------------------------------------
| Design Timing Summary
| ---------------------
------------------------------------------------------------------------------------------------

    WNS(ns)      TNS(ns)  TNS Failing Endpoints  TNS Total Endpoints      WHS(ns)      THS(ns)  THS Failing Endpoints  THS Total Endpoints     WPWS(ns)     TPWS(ns)  TPWS Failing Endpoints  TPWS Total Endpoints  
    -------      -------  ---------------------  -------------------      -------      -------  ---------------------  -------------------     --------     --------  ----------------------  --------------------  
      0.244        0.000                      0               943396        0.010        0.000                      0               943396        2.334        0.000                       0                380498  


All user specified timing constraints are met.


------------------------------------------------------------------------------------------------
| Clock Summary
| -------------
------------------------------------------------------------------------------------------------

Clock   Waveform(ns)         Period(ns)      Frequency(MHz)
-----   ------------         ----------      --------------
ap_clk  {0.000 3.000}        6.000           166.667         


------------------------------------------------------------------------------------------------
| Intra Clock Table
| -----------------
------------------------------------------------------------------------------------------------

Clock             WNS(ns)      TNS(ns)  TNS Failing Endpoints  TNS Total Endpoints      WHS(ns)      THS(ns)  THS Failing Endpoints  THS Total Endpoints     WPWS(ns)     TPWS(ns)  TPWS Failing Endpoints  TPWS Total Endpoints  
-----             -------      -------  ---------------------  -------------------      -------      -------  ---------------------  -------------------     --------     --------  ----------------------  --------------------  
ap_clk              0.244        0.000                      0               943396        0.010        0.000                      0               943396        2.334        0.000                       0                380498  


------------------------------------------------------------------------------------------------
| Inter Clock Table
| -----------------
------------------------------------------------------------------------------------------------

From Clock    To Clock          WNS(ns)      TNS(ns)  TNS Failing Endpoints  TNS Total Endpoints      WHS(ns)      THS(ns)  THS Failing Endpoints  THS Total Endpoints  
----------    --------          -------      -------  ---------------------  -------------------      -------      -------  ---------------------  -------------------  


------------------------------------------------------------------------------------------------
| Other Path Groups Table
| -----------------------
------------------------------------------------------------------------------------------------

Path Group    From Clock    To Clock          WNS(ns)      TNS(ns)  TNS Failing Endpoints  TNS Total Endpoints      WHS(ns)      THS(ns)  THS Failing Endpoints  THS Total Endpoints  
----------    ----------    --------          -------      -------  ---------------------  -------------------      -------      -------  ---------------------  -------------------  


------------------------------------------------------------------------------------------------
| Timing Details
| --------------
------------------------------------------------------------------------------------------------


---------------------------------------------------------------------------------------------------
From Clock:  ap_clk
  To Clock:  ap_clk

Setup :            0  Failing Endpoints,  Worst Slack        0.244ns,  Total Violation        0.000ns
Hold  :            0  Failing Endpoints,  Worst Slack        0.010ns,  Total Violation        0.000ns
PW    :            0  Failing Endpoints,  Worst Slack        2.334ns,  Total Violation        0.000ns
---------------------------------------------------------------------------------------------------


Max Delay Paths
--------------------------------------------------------------------------------------
Slack (MET) :             0.244ns  (required time - arrival time)
  Source:                 finn_design_i/MVAU_rtl_6/MVAU_rtl_6_wstrm/inst/core/genUnpumped.mem/genSingleSet.Ptr_reg[2]/C
                            (rising edge-triggered cell FDRE clocked by ap_clk  {rise@0.000ns fall@3.000ns period=6.000ns})
  Destination:            finn_design_i/MVAU_rtl_6/MVAU_rtl_6_wstrm/inst/core/genUnpumped.mem/blkMem.Mem_reg_uram_168/ADDR_A[5]
                            (rising edge-triggered cell URAM288E5 clocked by ap_clk  {rise@0.000ns fall@3.000ns period=6.000ns})
  Path Group:             ap_clk
  Path Type:              Setup (Max at Slow Process Corner)
  Requirement:            6.000ns  (ap_clk rise@6.000ns - ap_clk rise@0.000ns)
  Data Path Delay:        5.059ns  (logic 0.091ns (1.799%)  route 4.968ns (98.201%))
  Logic Levels:           0  
  Clock Path Skew:        -0.208ns (DCD - SCD + CPR)
    Destination Clock Delay (DCD):    3.210ns = ( 9.210 - 6.000 ) 
    Source Clock Delay      (SCD):    3.553ns
    Clock Pessimism Removal (CPR):    0.135ns
  Clock Uncertainty:      0.055ns  (CJ)/2 + PE + PJ
    Clock Jitter             (CJ):    0.109ns
    Phase Error              (PE):    0.000ns
    Phase Jitter             (PJ):    0.000ns
  Clock Net Delay (Source):      3.398ns (routing 1.441ns, distribution 1.957ns)
  Clock Net Delay (Destination): 3.082ns (routing 1.310ns, distribution 1.772ns)

    Location             Delay type                Incr(ns)  Path(ns)    Netlist Resource(s)
  -------------------------------------------------------------------    -------------------
                         (clock ap_clk rise edge)     0.000     0.000 r  
                                                      0.000     0.000 r  ap_clk (IN)
                         net (fo=0)                   0.077     0.077    ap_clk_BUFG_LOPT_OOC
    BUFGCE_HDIO_X0Y0     BUFGCE (Prop_BUFCE_BUFGCE_HDIO_I_O)
                                                      0.078     0.155 r  ap_clk_BUFGCE_inst_LOPT_OOC/O
    X3Y2 (CLOCK_ROOT)    net (fo=381567, routed)      3.398     3.553    finn_design_i/MVAU_rtl_6/MVAU_rtl_6_wstrm/inst/core/genUnpumped.mem/ap_clk
    SLICE_X193Y255       FDRE                                         r  finn_design_i/MVAU_rtl_6/MVAU_rtl_6_wstrm/inst/core/genUnpumped.mem/genSingleSet.Ptr_reg[2]/C
  -------------------------------------------------------------------    -------------------
    SLICE_X193Y255       FDRE (Prop_FFF_SLICEM_C_Q)
                                                      0.091     3.644 r  finn_design_i/MVAU_rtl_6/MVAU_rtl_6_wstrm/inst/core/genUnpumped.mem/genSingleSet.Ptr_reg[2]/Q
                         net (fo=348, routed)         4.968     8.612    finn_design_i/MVAU_rtl_6/MVAU_rtl_6_wstrm/inst/core/genUnpumped.mem/genSingleSet.Ptr_reg_n_0_[2]
    URAM288_X1Y76        URAM288E5                                    r  finn_design_i/MVAU_rtl_6/MVAU_rtl_6_wstrm/inst/core/genUnpumped.mem/blkMem.Mem_reg_uram_168/ADDR_A[5]
  -------------------------------------------------------------------    -------------------

                         (clock ap_clk rise edge)     6.000     6.000 r  
                                                      0.000     6.000 r  ap_clk (IN)
                         net (fo=0)                   0.065     6.065    ap_clk_BUFG_LOPT_OOC
    BUFGCE_HDIO_X0Y0     BUFGCE (Prop_BUFCE_BUFGCE_HDIO_I_O)
                                                      0.063     6.128 r  ap_clk_BUFGCE_inst_LOPT_OOC/O
    X3Y2 (CLOCK_ROOT)    net (fo=381567, routed)      3.082     9.210    finn_design_i/MVAU_rtl_6/MVAU_rtl_6_wstrm/inst/core/genUnpumped.mem/ap_clk
    URAM288_X1Y76        URAM288E5                                    r  finn_design_i/MVAU_rtl_6/MVAU_rtl_6_wstrm/inst/core/genUnpumped.mem/blkMem.Mem_reg_uram_168/CLK
                         clock pessimism              0.135     9.346    
                         clock uncertainty           -0.055     9.291    
    URAM288_X1Y76        URAM288E5 (Setup_URAM288_CLK_ADDR_A[5])
                                                     -0.435     8.856    finn_design_i/MVAU_rtl_6/MVAU_rtl_6_wstrm/inst/core/genUnpumped.mem/blkMem.Mem_reg_uram_168
  -------------------------------------------------------------------
                         required time                          8.856    
                         arrival time                          -8.612    
  -------------------------------------------------------------------
                         slack                                  0.244    





Min Delay Paths
--------------------------------------------------------------------------------------
Slack (MET) :             0.010ns  (arrival time - required time)
  Source:                 finn_design_i/MVAU_rtl_0/MVAU_rtl_0_wstrm/inst/core/genUnpumped.mem/blkMem.Mem_reg_21/CLKBWRCLKL
                            (rising edge-triggered cell RAMB36E5_INT clocked by ap_clk  {rise@0.000ns fall@3.000ns period=6.000ns})
  Destination:            finn_design_i/MVAU_rtl_0/MVAU_rtl_0_wstrm/inst/core/genUnpumped.mem/blkMem.Dat3_reg[1560]/D
                            (rising edge-triggered cell FDRE clocked by ap_clk  {rise@0.000ns fall@3.000ns period=6.000ns})
  Path Group:             ap_clk
  Path Type:              Hold (Min at Slow Process Corner)
  Requirement:            0.000ns  (ap_clk rise@0.000ns - ap_clk rise@0.000ns)
  Data Path Delay:        0.256ns  (logic 0.093ns (36.328%)  route 0.163ns (63.672%))
  Logic Levels:           0  
  Clock Path Skew:        0.208ns (DCD - SCD - CPR)
    Destination Clock Delay (DCD):    3.528ns
    Source Clock Delay      (SCD):    3.051ns
    Clock Pessimism Removal (CPR):    0.269ns
  Clock Net Delay (Source):      2.923ns (routing 1.310ns, distribution 1.613ns)
  Clock Net Delay (Destination): 3.373ns (routing 1.441ns, distribution 1.932ns)

    Location             Delay type                Incr(ns)  Path(ns)    Netlist Resource(s)
  -------------------------------------------------------------------    -------------------
                         (clock ap_clk rise edge)     0.000     0.000 r  
                                                      0.000     0.000 r  ap_clk (IN)
                         net (fo=0)                   0.065     0.065    ap_clk_BUFG_LOPT_OOC
    BUFGCE_HDIO_X0Y0     BUFGCE (Prop_BUFCE_BUFGCE_HDIO_I_O)
                                                      0.063     0.128 r  ap_clk_BUFGCE_inst_LOPT_OOC/O
    X3Y2 (CLOCK_ROOT)    net (fo=381567, routed)      2.923     3.051    finn_design_i/MVAU_rtl_0/MVAU_rtl_0_wstrm/inst/core/genUnpumped.mem/ap_clk
    RAMB36_X2Y49         RAMB36E5_INT                                 r  finn_design_i/MVAU_rtl_0/MVAU_rtl_0_wstrm/inst/core/genUnpumped.mem/blkMem.Mem_reg_21/CLKBWRCLKL
  -------------------------------------------------------------------    -------------------
    RAMB36_X2Y49         RAMB36E5_INT (Prop_RAMB36_CLKBWRCLKL_DOUTBDOUT[12])
                                                      0.093     3.144 r  finn_design_i/MVAU_rtl_0/MVAU_rtl_0_wstrm/inst/core/genUnpumped.mem/blkMem.Mem_reg_21/DOUTBDOUT[12]
                         net (fo=1, routed)           0.163     3.307    finn_design_i/MVAU_rtl_0/MVAU_rtl_0_wstrm/inst/core/genUnpumped.mem/blkMem.Dat2[1560]
    SLICE_X115Y193       FDRE                                         r  finn_design_i/MVAU_rtl_0/MVAU_rtl_0_wstrm/inst/core/genUnpumped.mem/blkMem.Dat3_reg[1560]/D
  -------------------------------------------------------------------    -------------------

                         (clock ap_clk rise edge)     0.000     0.000 r  
                                                      0.000     0.000 r  ap_clk (IN)
                         net (fo=0)                   0.077     0.077    ap_clk_BUFG_LOPT_OOC
    BUFGCE_HDIO_X0Y0     BUFGCE (Prop_BUFCE_BUFGCE_HDIO_I_O)
                                                      0.078     0.155 r  ap_clk_BUFGCE_inst_LOPT_OOC/O
    X3Y2 (CLOCK_ROOT)    net (fo=381567, routed)      3.373     3.528    finn_design_i/MVAU_rtl_0/MVAU_rtl_0_wstrm/inst/core/genUnpumped.mem/ap_clk
    SLICE_X115Y193       FDRE                                         r  finn_design_i/MVAU_rtl_0/MVAU_rtl_0_wstrm/inst/core/genUnpumped.mem/blkMem.Dat3_reg[1560]/C
                         clock pessimism             -0.269     3.259    
    SLICE_X115Y193       FDRE (Hold_CFF_SLICEM_C_D)
                                                      0.038     3.297    finn_design_i/MVAU_rtl_0/MVAU_rtl_0_wstrm/inst/core/genUnpumped.mem/blkMem.Dat3_reg[1560]
  -------------------------------------------------------------------
                         required time                         -3.297    
                         arrival time                           3.307    
  -------------------------------------------------------------------
                         slack                                  0.010    





Pulse Width Checks
--------------------------------------------------------------------------------------
Clock Name:         ap_clk
Waveform(ns):       { 0.000 3.000 }
Period(ns):         6.000
Sources:            { ap_clk }

Check Type        Corner  Lib Pin        Reference Pin  Required(ns)  Actual(ns)  Slack(ns)  Location       Pin
Min Period        n/a     URAM288E5/CLK  n/a            1.818         6.000       4.182      URAM288_X4Y35  finn_design_i/OuterShuffle_hls_0/inst/input_gen_1_12288u_1u_12288u_12u_8u_128u_96u_8u_1u_vector_U0/void_input_gen_stream_vector_0_stream_conditional_1_type_0_buf_1_U/ram_reg_uram_0/CLK
Low Pulse Width   Slow    URAM288E5/CLK  n/a            0.666         3.000       2.334      URAM288_X1Y15  finn_design_i/MVAU_rtl_6/MVAU_rtl_6_wstrm/inst/core/genUnpumped.mem/blkMem.Mem_reg_uram_0/CLK
High Pulse Width  Slow    URAM288E5/CLK  n/a            0.666         3.000       2.334      URAM288_X1Y15  finn_design_i/MVAU_rtl_6/MVAU_rtl_6_wstrm/inst/core/genUnpumped.mem/blkMem.Mem_reg_uram_0/CLK



