Copyright 1986-2022 Xilinx, Inc. All Rights Reserved. Copyright 2022-2023 Advanced Micro Devices, Inc. All Rights Reserved.
--------------------------------------------------------------------------------------------------------------------------------------------------
| Tool Version      : Vivado v.2023.1 (lin64) Build 3865809 Sun May  7 15:04:56 MDT 2023
| Date              : Sun Sep  6 22:17:08 2026
| Host              : codesigns23 running 64-bit Ubuntu 22.04.5 LTS
| Command           : report_timing_summary -file ../run_0_2026-09-06_22-10-20/0_general/run_0/timing_report.rpt -quiet
| Design            : softmax_top
| Device            : xcvc1902-vsva2197
| Speed File        : -2MP  PRODUCTION 2.11 2022-11-23
| Design State      : Routed
| Temperature Grade : E
--------------------------------------------------------------------------------------------------------------------------------------------------

Timing Summary Report

------------------------------------------------------------------------------------------------
| Timer Settings
| --------------
------------------------------------------------------------------------------------------------

  Enable Multi Corner Analysis               :  Yes
  Enable Pessimism Removal                   :  Yes
  Pessimism Removal Resolution               :  Nearest Common Node
  Enable Input Delay Default Clock           :  No
  Enable Preset / Clear Arcs                 :  No
  Disable Flight Delays                      :  No
  Ignore I/O Paths                           :  No
  Timing Early Launch at Borrowing Latches   :  No
  Borrow Time for Max Delay Exceptions       :  Yes
  Merge Timing Exceptions                    :  Yes

  Corner  Analyze    Analyze    
  Name    Max Paths  Min Paths  
  ------  ---------  ---------  
  Slow    Yes        Yes        
  Fast    Yes        Yes        


------------------------------------------------------------------------------------------------
| Report Methodology
| ------------------
------------------------------------------------------------------------------------------------

Rule       Severity  Description                                 Violations  
---------  --------  ------------------------------------------  ----------  
AVAL-344   Warning   Design_needs_USER_RAM_AVERAGE_ACTIVITY_set  1           
TIMING-18  Warning   Missing input or output delay               69          

Note: This report is based on the most recent report_methodology run and may not be up-to-date. Run report_methodology on the current design for the latest report.



check_timing report

Table of Contents
-----------------
1. checking no_clock (0)
2. checking constant_clock (0)
3. checking pulse_width_clock (0)
4. checking unconstrained_internal_endpoints (0)
5. checking no_input_delay (35)
6. checking no_output_delay (33)
7. checking multiple_clock (0)
8. checking generated_clocks (0)
9. checking loops (0)
10. checking partial_input_delay (0)
11. checking partial_output_delay (0)
12. checking latch_loops (0)

1. checking no_clock (0)
------------------------
 There are 0 register/latch pins with no clock.


2. checking constant_clock (0)
------------------------------
 There are 0 register/latch pins with constant_clock.


3. checking pulse_width_clock (0)
---------------------------------
 There are 0 register/latch pins which need pulse_width check


4. checking unconstrained_internal_endpoints (0)
------------------------------------------------
 There are 0 pins that are not constrained for maximum delay.

 There are 0 pins that are not constrained for maximum delay due to constant clock.


5. checking no_input_delay (35)
-------------------------------
 There are 35 input ports with no input delay specified. (HIGH)

 There are 0 input ports with no input delay but user has a false path constraint.


6. checking no_output_delay (33)
--------------------------------
 There are 33 ports with no output delay specified. (HIGH)

 There are 0 ports with no output delay but user has a false path constraint

 There are 0 ports with no output delay but with a timing clock defined on it or propagating through it


7. checking multiple_clock (0)
------------------------------
 There are 0 register/latch pins with multiple clocks.


8. checking generated_clocks (0)
--------------------------------
 There are 0 generated clocks that are not connected to a clock source.


9. checking loops (0)
---------------------
 There are 0 combinational loops in the design.


10. checking partial_input_delay (0)
------------------------------------
 There are 0 input ports with partial input delay specified.


11. checking partial_output_delay (0)
-------------------------------------
 There are 0 ports with partial output delay specified.


12. checking latch_loops (0)
----------------------------
 There are 0 combinational latch loops in the design through latch input



------------------------------------------------------------------------------------------------
| Design Timing Summary
| ---------------------
------------------------------------------------------------------------------------------------

    WNS(ns)      TNS(ns)  TNS Failing Endpoints  TNS Total Endpoints      WHS(ns)      THS(ns)  THS Failing Endpoints  THS Total Endpoints     WPWS(ns)     TPWS(ns)  TPWS Failing Endpoints  TPWS Total Endpoints  
    -------      -------  ---------------------  -------------------      -------      -------  ---------------------  -------------------     --------     --------  ----------------------  --------------------  
      0.608        0.000                      0                 5394        0.035        0.000                      0                 5394        1.394        0.000                       0                  2354  


All user specified timing constraints are met.


------------------------------------------------------------------------------------------------
| Clock Summary
| -------------
------------------------------------------------------------------------------------------------

Clock   Waveform(ns)         Period(ns)      Frequency(MHz)
-----   ------------         ----------      --------------
ap_clk  {0.000 2.000}        4.000           250.000         


------------------------------------------------------------------------------------------------
| Intra Clock Table
| -----------------
------------------------------------------------------------------------------------------------

Clock             WNS(ns)      TNS(ns)  TNS Failing Endpoints  TNS Total Endpoints      WHS(ns)      THS(ns)  THS Failing Endpoints  THS Total Endpoints     WPWS(ns)     TPWS(ns)  TPWS Failing Endpoints  TPWS Total Endpoints  
-----             -------      -------  ---------------------  -------------------      -------      -------  ---------------------  -------------------     --------     --------  ----------------------  --------------------  
ap_clk              0.608        0.000                      0                 5394        0.035        0.000                      0                 5394        1.394        0.000                       0                  2354  


------------------------------------------------------------------------------------------------
| Inter Clock Table
| -----------------
------------------------------------------------------------------------------------------------

From Clock    To Clock          WNS(ns)      TNS(ns)  TNS Failing Endpoints  TNS Total Endpoints      WHS(ns)      THS(ns)  THS Failing Endpoints  THS Total Endpoints  
----------    --------          -------      -------  ---------------------  -------------------      -------      -------  ---------------------  -------------------  


------------------------------------------------------------------------------------------------
| Other Path Groups Table
| -----------------------
------------------------------------------------------------------------------------------------

Path Group    From Clock    To Clock          WNS(ns)      TNS(ns)  TNS Failing Endpoints  TNS Total Endpoints      WHS(ns)      THS(ns)  THS Failing Endpoints  THS Total Endpoints  
----------    ----------    --------          -------      -------  ---------------------  -------------------      -------      -------  ---------------------  -------------------  


------------------------------------------------------------------------------------------------
| Timing Details
| --------------
------------------------------------------------------------------------------------------------


---------------------------------------------------------------------------------------------------
From Clock:  ap_clk
  To Clock:  ap_clk

Setup :            0  Failing Endpoints,  Worst Slack        0.608ns,  Total Violation        0.000ns
Hold  :            0  Failing Endpoints,  Worst Slack        0.035ns,  Total Violation        0.000ns
PW    :            0  Failing Endpoints,  Worst Slack        1.394ns,  Total Violation        0.000ns
---------------------------------------------------------------------------------------------------


Max Delay Paths
--------------------------------------------------------------------------------------
Slack (MET) :             0.608ns  (required time - arrival time)
  Source:                 execute_U0/sm_inst_exp2div_dat_U/full_n_reg/C
                            (rising edge-triggered cell FDSE clocked by ap_clk  {rise@0.000ns fall@2.000ns period=4.000ns})
  Destination:            execute_U0/exponentiate_U0/fexp_32ns_32ns_32_9_med_dsp_1_U10/softmax_top_fexp_32ns_32ns_32_9_med_dsp_1_ip_u/inst/i_synth/EXP_OP.i_sp_or_dp.OP/i_ccm_recip_ln2/g_tables[1].i_addsub/fabric.sum_i_delay/i_pipe/opt_has_pipe.first_q_reg[10]/D
                            (rising edge-triggered cell FDRE clocked by ap_clk  {rise@0.000ns fall@2.000ns period=4.000ns})
  Path Group:             ap_clk
  Path Type:              Setup (Max at Slow Process Corner)
  Requirement:            4.000ns  (ap_clk rise@4.000ns - ap_clk rise@0.000ns)
  Data Path Delay:        3.255ns  (logic 1.324ns (40.677%)  route 1.931ns (59.323%))
  Logic Levels:           14  (LOOKAHEAD8=3 LUT2=1 LUT5=2 LUT6=2 LUTCY1=3 LUTCY2=3)
  Clock Path Skew:        -0.094ns (DCD - SCD + CPR)
    Destination Clock Delay (DCD):    3.359ns = ( 7.359 - 4.000 ) 
    Source Clock Delay      (SCD):    3.739ns
    Clock Pessimism Removal (CPR):    0.286ns
  Clock Uncertainty:      0.051ns  (CJ)/2 + PE + PJ
    Clock Jitter             (CJ):    0.101ns
    Phase Error              (PE):    0.000ns
    Phase Jitter             (PJ):    0.000ns
  Clock Net Delay (Source):      3.584ns (routing 1.996ns, distribution 1.588ns)
  Clock Net Delay (Destination): 3.231ns (routing 1.813ns, distribution 1.418ns)

    Location             Delay type                Incr(ns)  Path(ns)    Netlist Resource(s)
  -------------------------------------------------------------------    -------------------
                         (clock ap_clk rise edge)     0.000     0.000 r  
                                                      0.000     0.000 r  ap_clk (IN)
                         net (fo=0)                   0.077     0.077    ap_clk_BUFG_LOPT_OOC
    BUFGCE_HDIO_X0Y0     BUFGCE (Prop_BUFCE_BUFGCE_HDIO_I_O)
                                                      0.078     0.155 r  ap_clk_BUFGCE_inst_LOPT_OOC/O
    X7Y2 (CLOCK_ROOT)    net (fo=2354, routed)        3.584     3.739    execute_U0/sm_inst_exp2div_dat_U/ap_clk
    SLICE_X228Y173       FDSE                                         r  execute_U0/sm_inst_exp2div_dat_U/full_n_reg/C
  -------------------------------------------------------------------    -------------------
    SLICE_X228Y173       FDSE (Prop_BFF2_SLICEL_C_Q)
                                                      0.092     3.831 r  execute_U0/sm_inst_exp2div_dat_U/full_n_reg/Q
                         net (fo=7, routed)           0.235     4.066    execute_U0/exponentiate_U0/fexp_32ns_32ns_32_9_med_dsp_1_U10/sm_inst_exp2div_dat_full_n
    SLICE_X226Y169       LUT6 (Prop_A6LUT_SLICEL_I0_O)
                                                      0.071     4.137 r  execute_U0/exponentiate_U0/fexp_32ns_32ns_32_9_med_dsp_1_U10/ap_CS_iter1_fsm[1]_i_2/O
                         net (fo=39, routed)          0.248     4.385    execute_U0/exponentiate_U0/fexp_32ns_32ns_32_9_med_dsp_1_U10/full_n_reg
    SLICE_X225Y169       LUT2 (Prop_D5LUT_SLICEM_I1_O)
                                                      0.124     4.509 r  execute_U0/exponentiate_U0/fexp_32ns_32ns_32_9_med_dsp_1_U10/ret_reg_688_pp0_iter8_reg[0]_i_1/O
                         net (fo=9, routed)           0.238     4.747    execute_U0/exponentiate_U0/fexp_32ns_32ns_32_9_med_dsp_1_U10/ap_NS_iter9_fsm117_out
    SLICE_X224Y169       LUT6 (Prop_H6LUT_SLICEL_I5_O)
                                                      0.128     4.875 r  execute_U0/exponentiate_U0/fexp_32ns_32ns_32_9_med_dsp_1_U10/softmax_top_fexp_32ns_32ns_32_9_med_dsp_1_ip_u_i_1/O
                         net (fo=345, routed)         0.316     5.191    execute_U0/exponentiate_U0/fexp_32ns_32ns_32_9_med_dsp_1_U10/softmax_top_fexp_32ns_32ns_32_9_med_dsp_1_ip_u/inst/i_synth/EXP_OP.i_sp_or_dp.OP/i_shift_to_fixed/aclken
    SLICE_X224Y161       LUT5 (Prop_G6LUT_SLICEL_I3_O)
                                                      0.028     5.219 r  execute_U0/exponentiate_U0/fexp_32ns_32ns_32_9_med_dsp_1_U10/softmax_top_fexp_32ns_32ns_32_9_med_dsp_1_ip_u/inst/i_synth/EXP_OP.i_sp_or_dp.OP/i_shift_to_fixed/fabric.use_unisims.gen_addsub[0].prop_lut_i_2/O
                         net (fo=6, routed)           0.281     5.499    execute_U0/exponentiate_U0/fexp_32ns_32ns_32_9_med_dsp_1_U10/softmax_top_fexp_32ns_32ns_32_9_med_dsp_1_ip_u/inst/i_synth/EXP_OP.i_sp_or_dp.OP/i_shift_to_fixed/OP_STATE_P1_REG/i_pipe/fabric.use_unisims.gen_addsub[1].prop_lut[3]
    SLICE_X223Y163       LUT5 (Prop_F6LUT_SLICEM_I0_O)
                                                      0.121     5.620 r  execute_U0/exponentiate_U0/fexp_32ns_32ns_32_9_med_dsp_1_U10/softmax_top_fexp_32ns_32ns_32_9_med_dsp_1_ip_u/inst/i_synth/EXP_OP.i_sp_or_dp.OP/i_shift_to_fixed/OP_STATE_P1_REG/i_pipe/fabric.use_unisims.gen_addsub[1].prop_lut_i_1/O
                         net (fo=4, routed)           0.245     5.866    execute_U0/exponentiate_U0/fexp_32ns_32ns_32_9_med_dsp_1_U10/softmax_top_fexp_32ns_32ns_32_9_med_dsp_1_ip_u/inst/i_synth/EXP_OP.i_sp_or_dp.OP/i_ccm_recip_ln2/g_tables[0].i_addsub/fabric.use_unisims.gen_addsub[0].i0.cymux0_CARRY4_CARRY8_LUT6CY_2/I2
    SLICE_X223Y162       LUTCY2 (Prop_C6LUT_SLICEM_I2_GE)
                                                      0.119     5.985 r  execute_U0/exponentiate_U0/fexp_32ns_32ns_32_9_med_dsp_1_U10/softmax_top_fexp_32ns_32ns_32_9_med_dsp_1_ip_u/inst/i_synth/EXP_OP.i_sp_or_dp.OP/i_ccm_recip_ln2/g_tables[0].i_addsub/fabric.use_unisims.gen_addsub[0].i0.cymux0_CARRY4_CARRY8_LUT6CY_2/LUTCY2_INST/GE
                         net (fo=1, routed)           0.034     6.019    execute_U0/exponentiate_U0/fexp_32ns_32ns_32_9_med_dsp_1_U10/softmax_top_fexp_32ns_32ns_32_9_med_dsp_1_ip_u/inst/i_synth/EXP_OP.i_sp_or_dp.OP/i_ccm_recip_ln2/g_tables[0].i_addsub/GE_net_10
    SLICE_X223Y162       LOOKAHEAD8 (Prop_LOOKAHEAD8_SLICEM_GEC_COUTD)
                                                      0.101     6.120 r  execute_U0/exponentiate_U0/fexp_32ns_32ns_32_9_med_dsp_1_U10/softmax_top_fexp_32ns_32ns_32_9_med_dsp_1_ip_u/inst/i_synth/EXP_OP.i_sp_or_dp.OP/i_ccm_recip_ln2/g_tables[0].i_addsub/fabric.use_unisims.gen_addsub[0].i0.cymux0_CARRY4_CARRY8_LOOKAHEAD8_0/COUTD
                         net (fo=2, routed)           0.014     6.134    execute_U0/exponentiate_U0/fexp_32ns_32ns_32_9_med_dsp_1_U10/softmax_top_fexp_32ns_32ns_32_9_med_dsp_1_ip_u/inst/i_synth/EXP_OP.i_sp_or_dp.OP/i_ccm_recip_ln2/g_tables[0].i_addsub/fabric.use_unisims.gen_addsub[0].i0.cymux0_CARRY4_CARRY8_LUT6CY_4/I4
    SLICE_X223Y162       LUTCY2 (Prop_E6LUT_SLICEM_I4_O)
                                                      0.058     6.192 r  execute_U0/exponentiate_U0/fexp_32ns_32ns_32_9_med_dsp_1_U10/softmax_top_fexp_32ns_32ns_32_9_med_dsp_1_ip_u/inst/i_synth/EXP_OP.i_sp_or_dp.OP/i_ccm_recip_ln2/g_tables[0].i_addsub/fabric.use_unisims.gen_addsub[0].i0.cymux0_CARRY4_CARRY8_LUT6CY_4/LUTCY2_INST/O
                         net (fo=3, routed)           0.027     6.219    execute_U0/exponentiate_U0/fexp_32ns_32ns_32_9_med_dsp_1_U10/softmax_top_fexp_32ns_32ns_32_9_med_dsp_1_ip_u/inst/i_synth/EXP_OP.i_sp_or_dp.OP/i_ccm_recip_ln2/g_tables[0].i_addsub/fabric.use_unisims.gen_addsub[0].i0.cymux0_CARRY4_CARRY8_LUT6CY_5/I4
    SLICE_X223Y162       LUTCY1 (Prop_F5LUT_SLICEM_I4_O)
                                                      0.068     6.287 r  execute_U0/exponentiate_U0/fexp_32ns_32ns_32_9_med_dsp_1_U10/softmax_top_fexp_32ns_32ns_32_9_med_dsp_1_ip_u/inst/i_synth/EXP_OP.i_sp_or_dp.OP/i_ccm_recip_ln2/g_tables[0].i_addsub/fabric.use_unisims.gen_addsub[0].i0.cymux0_CARRY4_CARRY8_LUT6CY_5/LUTCY1_INST/O
                         net (fo=2, routed)           0.215     6.502    execute_U0/exponentiate_U0/fexp_32ns_32ns_32_9_med_dsp_1_U10/softmax_top_fexp_32ns_32ns_32_9_med_dsp_1_ip_u/inst/i_synth/EXP_OP.i_sp_or_dp.OP/i_ccm_recip_ln2/g_tables[1].i_addsub/fabric.use_unisims.gen_addsub[0].i0.cymux0_CARRY4_CARRY8_LUT6CY_5/I3
    SLICE_X224Y162       LUTCY1 (Prop_F5LUT_SLICEL_I3_PROP)
                                                      0.109     6.611 r  execute_U0/exponentiate_U0/fexp_32ns_32ns_32_9_med_dsp_1_U10/softmax_top_fexp_32ns_32ns_32_9_med_dsp_1_ip_u/inst/i_synth/EXP_OP.i_sp_or_dp.OP/i_ccm_recip_ln2/g_tables[1].i_addsub/fabric.use_unisims.gen_addsub[0].i0.cymux0_CARRY4_CARRY8_LUT6CY_5/LUTCY1_INST/PROP
                         net (fo=1, routed)           0.000     6.611    execute_U0/exponentiate_U0/fexp_32ns_32ns_32_9_med_dsp_1_U10/softmax_top_fexp_32ns_32ns_32_9_med_dsp_1_ip_u/inst/i_synth/EXP_OP.i_sp_or_dp.OP/i_ccm_recip_ln2/g_tables[1].i_addsub/PROP_net_13
    SLICE_X224Y162       LOOKAHEAD8 (Prop_LOOKAHEAD8_SLICEL_PROPF_COUTH)
                                                      0.135     6.746 r  execute_U0/exponentiate_U0/fexp_32ns_32ns_32_9_med_dsp_1_U10/softmax_top_fexp_32ns_32ns_32_9_med_dsp_1_ip_u/inst/i_synth/EXP_OP.i_sp_or_dp.OP/i_ccm_recip_ln2/g_tables[1].i_addsub/fabric.use_unisims.gen_addsub[0].i0.cymux0_CARRY4_CARRY8_LOOKAHEAD8_0/COUTH
                         net (fo=3, routed)           0.002     6.748    execute_U0/exponentiate_U0/fexp_32ns_32ns_32_9_med_dsp_1_U10/softmax_top_fexp_32ns_32ns_32_9_med_dsp_1_ip_u/inst/i_synth/EXP_OP.i_sp_or_dp.OP/i_ccm_recip_ln2/g_tables[1].i_addsub/fabric.carry_6
    SLICE_X224Y163       LOOKAHEAD8 (Prop_LOOKAHEAD8_SLICEL_CIN_COUTB)
                                                      0.052     6.800 r  execute_U0/exponentiate_U0/fexp_32ns_32ns_32_9_med_dsp_1_U10/softmax_top_fexp_32ns_32ns_32_9_med_dsp_1_ip_u/inst/i_synth/EXP_OP.i_sp_or_dp.OP/i_ccm_recip_ln2/g_tables[1].i_addsub/fabric.use_unisims.gen_addsub[7].cymux_CARRY4_CARRY8_LOOKAHEAD8_0/COUTB
                         net (fo=2, routed)           0.011     6.811    execute_U0/exponentiate_U0/fexp_32ns_32ns_32_9_med_dsp_1_U10/softmax_top_fexp_32ns_32ns_32_9_med_dsp_1_ip_u/inst/i_synth/EXP_OP.i_sp_or_dp.OP/i_ccm_recip_ln2/g_tables[1].i_addsub/fabric.use_unisims.gen_addsub[7].cymux_CARRY4_CARRY8_LUT6CY_2/I4
    SLICE_X224Y163       LUTCY2 (Prop_C6LUT_SLICEL_I4_O)
                                                      0.053     6.864 r  execute_U0/exponentiate_U0/fexp_32ns_32ns_32_9_med_dsp_1_U10/softmax_top_fexp_32ns_32ns_32_9_med_dsp_1_ip_u/inst/i_synth/EXP_OP.i_sp_or_dp.OP/i_ccm_recip_ln2/g_tables[1].i_addsub/fabric.use_unisims.gen_addsub[7].cymux_CARRY4_CARRY8_LUT6CY_2/LUTCY2_INST/O
                         net (fo=3, routed)           0.020     6.884    execute_U0/exponentiate_U0/fexp_32ns_32ns_32_9_med_dsp_1_U10/softmax_top_fexp_32ns_32ns_32_9_med_dsp_1_ip_u/inst/i_synth/EXP_OP.i_sp_or_dp.OP/i_ccm_recip_ln2/g_tables[1].i_addsub/fabric.use_unisims.gen_addsub[7].cymux_CARRY4_CARRY8_LUT6CY_3/I4
    SLICE_X224Y163       LUTCY1 (Prop_D5LUT_SLICEL_I4_O)
                                                      0.065     6.949 r  execute_U0/exponentiate_U0/fexp_32ns_32ns_32_9_med_dsp_1_U10/softmax_top_fexp_32ns_32ns_32_9_med_dsp_1_ip_u/inst/i_synth/EXP_OP.i_sp_or_dp.OP/i_ccm_recip_ln2/g_tables[1].i_addsub/fabric.use_unisims.gen_addsub[7].cymux_CARRY4_CARRY8_LUT6CY_3/LUTCY1_INST/O
                         net (fo=1, routed)           0.045     6.994    execute_U0/exponentiate_U0/fexp_32ns_32ns_32_9_med_dsp_1_U10/softmax_top_fexp_32ns_32ns_32_9_med_dsp_1_ip_u/inst/i_synth/EXP_OP.i_sp_or_dp.OP/i_ccm_recip_ln2/g_tables[1].i_addsub/fabric.sum_i_delay/i_pipe/D[10]
    SLICE_X224Y163       FDRE                                         r  execute_U0/exponentiate_U0/fexp_32ns_32ns_32_9_med_dsp_1_U10/softmax_top_fexp_32ns_32ns_32_9_med_dsp_1_ip_u/inst/i_synth/EXP_OP.i_sp_or_dp.OP/i_ccm_recip_ln2/g_tables[1].i_addsub/fabric.sum_i_delay/i_pipe/opt_has_pipe.first_q_reg[10]/D
  -------------------------------------------------------------------    -------------------

                         (clock ap_clk rise edge)     4.000     4.000 r  
                                                      0.000     4.000 r  ap_clk (IN)
                         net (fo=0)                   0.065     4.065    ap_clk_BUFG_LOPT_OOC
    BUFGCE_HDIO_X0Y0     BUFGCE (Prop_BUFCE_BUFGCE_HDIO_I_O)
                                                      0.063     4.128 r  ap_clk_BUFGCE_inst_LOPT_OOC/O
    X7Y2 (CLOCK_ROOT)    net (fo=2354, routed)        3.231     7.359    execute_U0/exponentiate_U0/fexp_32ns_32ns_32_9_med_dsp_1_U10/softmax_top_fexp_32ns_32ns_32_9_med_dsp_1_ip_u/inst/i_synth/EXP_OP.i_sp_or_dp.OP/i_ccm_recip_ln2/g_tables[1].i_addsub/fabric.sum_i_delay/i_pipe/aclk
    SLICE_X224Y163       FDRE                                         r  execute_U0/exponentiate_U0/fexp_32ns_32ns_32_9_med_dsp_1_U10/softmax_top_fexp_32ns_32ns_32_9_med_dsp_1_ip_u/inst/i_synth/EXP_OP.i_sp_or_dp.OP/i_ccm_recip_ln2/g_tables[1].i_addsub/fabric.sum_i_delay/i_pipe/opt_has_pipe.first_q_reg[10]/C
                         clock pessimism              0.286     7.645    
                         clock uncertainty           -0.051     7.594    
    SLICE_X224Y163       FDRE (Setup_DFF_SLICEL_C_D)
                                                      0.007     7.601    execute_U0/exponentiate_U0/fexp_32ns_32ns_32_9_med_dsp_1_U10/softmax_top_fexp_32ns_32ns_32_9_med_dsp_1_ip_u/inst/i_synth/EXP_OP.i_sp_or_dp.OP/i_ccm_recip_ln2/g_tables[1].i_addsub/fabric.sum_i_delay/i_pipe/opt_has_pipe.first_q_reg[10]
  -------------------------------------------------------------------
                         required time                          7.601    
                         arrival time                          -6.994    
  -------------------------------------------------------------------
                         slack                                  0.608    





Min Delay Paths
--------------------------------------------------------------------------------------
Slack (MET) :             0.035ns  (arrival time - required time)
  Source:                 execute_U0/sm_inst_exp2div_dat_U/U_softmax_top_fifo_w32_d64_A_ram/mem_reg_0_63_7_13/RAMG/RAMD64_INST/CLK
                            (rising edge-triggered cell RAMD64E5 clocked by ap_clk  {rise@0.000ns fall@2.000ns period=4.000ns})
  Destination:            execute_U0/sm_inst_exp2div_dat_U/U_softmax_top_fifo_w32_d64_A_ram/dout_reg[13]/D
                            (rising edge-triggered cell FDRE clocked by ap_clk  {rise@0.000ns fall@2.000ns period=4.000ns})
  Path Group:             ap_clk
  Path Type:              Hold (Min at Fast Process Corner)
  Requirement:            0.000ns  (ap_clk rise@0.000ns - ap_clk rise@0.000ns)
  Data Path Delay:        0.127ns  (logic 0.110ns (86.614%)  route 0.017ns (13.386%))
  Logic Levels:           0  
  Clock Path Skew:        0.057ns (DCD - SCD - CPR)
    Destination Clock Delay (DCD):    2.652ns
    Source Clock Delay      (SCD):    2.300ns
    Clock Pessimism Removal (CPR):    0.294ns
  Clock Net Delay (Source):      2.206ns (routing 1.235ns, distribution 0.971ns)
  Clock Net Delay (Destination): 2.527ns (routing 1.385ns, distribution 1.142ns)

    Location             Delay type                Incr(ns)  Path(ns)    Netlist Resource(s)
  -------------------------------------------------------------------    -------------------
                         (clock ap_clk rise edge)     0.000     0.000 r  
                                                      0.000     0.000 r  ap_clk (IN)
                         net (fo=0)                   0.049     0.049    ap_clk_BUFG_LOPT_OOC
    BUFGCE_HDIO_X0Y0     BUFGCE (Prop_BUFCE_BUFGCE_HDIO_I_O)
                                                      0.045     0.094 r  ap_clk_BUFGCE_inst_LOPT_OOC/O
    X7Y2 (CLOCK_ROOT)    net (fo=2354, routed)        2.206     2.300    execute_U0/sm_inst_exp2div_dat_U/U_softmax_top_fifo_w32_d64_A_ram/mem_reg_0_63_7_13/RAMG/CLK
    SLICE_X229Y176       RAMD64E5                                     r  execute_U0/sm_inst_exp2div_dat_U/U_softmax_top_fifo_w32_d64_A_ram/mem_reg_0_63_7_13/RAMG/RAMD64_INST/CLK
  -------------------------------------------------------------------    -------------------
    SLICE_X229Y176       RAMD64E5 (Prop_G6LUT_SLICEM_CLK_O)
                                                      0.110     2.410 r  execute_U0/sm_inst_exp2div_dat_U/U_softmax_top_fifo_w32_d64_A_ram/mem_reg_0_63_7_13/RAMG/RAMD64_INST/O
                         net (fo=1, routed)           0.017     2.427    execute_U0/sm_inst_exp2div_dat_U/U_softmax_top_fifo_w32_d64_A_ram/dout0[13]
    SLICE_X229Y176       FDRE                                         r  execute_U0/sm_inst_exp2div_dat_U/U_softmax_top_fifo_w32_d64_A_ram/dout_reg[13]/D
  -------------------------------------------------------------------    -------------------

                         (clock ap_clk rise edge)     0.000     0.000 r  
                                                      0.000     0.000 r  ap_clk (IN)
                         net (fo=0)                   0.064     0.064    ap_clk_BUFG_LOPT_OOC
    BUFGCE_HDIO_X0Y0     BUFGCE (Prop_BUFCE_BUFGCE_HDIO_I_O)
                                                      0.061     0.125 r  ap_clk_BUFGCE_inst_LOPT_OOC/O
    X7Y2 (CLOCK_ROOT)    net (fo=2354, routed)        2.527     2.652    execute_U0/sm_inst_exp2div_dat_U/U_softmax_top_fifo_w32_d64_A_ram/ap_clk
    SLICE_X229Y176       FDRE                                         r  execute_U0/sm_inst_exp2div_dat_U/U_softmax_top_fifo_w32_d64_A_ram/dout_reg[13]/C
                         clock pessimism             -0.294     2.357    
    SLICE_X229Y176       FDRE (Hold_GFF2_SLICEM_C_D)
                                                      0.035     2.392    execute_U0/sm_inst_exp2div_dat_U/U_softmax_top_fifo_w32_d64_A_ram/dout_reg[13]
  -------------------------------------------------------------------
                         required time                         -2.392    
                         arrival time                           2.427    
  -------------------------------------------------------------------
                         slack                                  0.035    





Pulse Width Checks
--------------------------------------------------------------------------------------
Clock Name:         ap_clk
Waveform(ns):       { 0.000 2.000 }
Period(ns):         4.000
Sources:            { ap_clk }

Check Type        Corner  Lib Pin     Reference Pin  Required(ns)  Actual(ns)  Slack(ns)  Location        Pin
Min Period        n/a     SRL16E/CLK  n/a            1.213         4.000       2.787      SLICE_X225Y184  execute_U0/div_stage_U0/fdiv_32ns_32ns_32_15_no_dsp_1_U18/softmax_top_fdiv_32ns_32ns_32_15_no_dsp_1_ip_u/inst/i_synth/DIV_OP.SPD.OP/EXP/EXP_PRE_RND_DEL/i_pipe/opt_has_pipe.i_pipe[11].pipe_reg[11][0]_srl11/CLK
Low Pulse Width   Slow    SRL16E/CLK  n/a            0.606         2.000       1.394      SLICE_X225Y184  execute_U0/div_stage_U0/fdiv_32ns_32ns_32_15_no_dsp_1_U18/softmax_top_fdiv_32ns_32ns_32_15_no_dsp_1_ip_u/inst/i_synth/DIV_OP.SPD.OP/EXP/EXP_PRE_RND_DEL/i_pipe/opt_has_pipe.i_pipe[11].pipe_reg[11][0]_srl11/CLK
High Pulse Width  Slow    SRL16E/CLK  n/a            0.606         2.000       1.394      SLICE_X225Y184  execute_U0/div_stage_U0/fdiv_32ns_32ns_32_15_no_dsp_1_U18/softmax_top_fdiv_32ns_32ns_32_15_no_dsp_1_ip_u/inst/i_synth/DIV_OP.SPD.OP/EXP/EXP_PRE_RND_DEL/i_pipe/opt_has_pipe.i_pipe[11].pipe_reg[11][0]_srl11/CLK



